// Jest Snapshot v1, https://goo.gl/fbAQLP

exports[`Generation Pattern should match snapshot 1`] = `ReactWrapper {}`;
